// Jest Snapshot v1, https://goo.gl/fbAQLP

exports[`StickMan Component it should match the snapshot 1`] = `
<DocumentFragment>
  <video
    autoplay=""
    data-testid="stickman-testId"
    loop=""
  >
    <source
      src="[object Object]"
      type="video/webm"
    />
  </video>
</DocumentFragment>
`;
